
Main Tasks
------------------------------
    maintask1
    maintask2

Sub Tasks
------------------------------
    sub-task-1
    sub-task-2
