
Main Tasks
------------------------------
    maintask1
    maintask2
