
Main Tasks
------------------------------

Sub Tasks
------------------------------
    sub-task-1
    sub-task-2
