
Main Tasks
------------------------------
    main-task-1
    main_task_2

Sub Tasks
------------------------------
    sub:task-1
    sub:task_2
