
Main Tasks
------------------------------
    main-task-1
    main:task_2

Sub Tasks
------------------------------
    sub~task-1
    sub~task:2
    sub~task_3
